// Jest Snapshot v1, https://goo.gl/fbAQLP

exports[`Helpers declarationTitle helper should compi;e 1`] = `"**color**: *string* = \\"blue\\""`;

exports[`Helpers literal helper should compile object literal 1`] = `
"!spaces* **valueA**: *number* = 100

!spaces* **valueB**: *boolean* = true

!spaces* **valueZ**: *string* = \\"foo\\"

!spaces* **valueY**(): *string*


!spaces* **valueX**: *object*

!spaces  * **valueA**: *number[]* = [100, 200, 300]

!spaces  * **valueZ**: *string* = \\"foo\\"

!spaces  * **valueY**(\`z\`: string): *object*


!spaces    * **a**: *string* = \\"test\\"

!spaces    * **b**: *string* = z


"
`;

exports[`Helpers literal helper should compile type literal 1`] = `
"
"
`;

exports[`Helpers parameterNameAndType helper sould compile 1`] = `"â–ª\`Const\`  **objectLiteral**: *object*"`;

exports[`Helpers parameterTable helper should compile 1`] = `
"
Name | Type | Default | Description |
------ | ------ | ------ | ------ |
\`valueA\` | string | \\"defaultValue\\" | A parameter with a default string value. |
\`valueB\` | number | 100 | A parameter with a default numeric value. |
\`valueC\` | number | Number.NaN | A parameter with a default NaN value. |
\`valueD\` | boolean | true | A parameter with a default boolean value. |
\`valueE\` | boolean | null | A parameter with a default null value. |
"
`;

exports[`Helpers signatureTitle helper should compile 1`] = `
"**functionWithParameters**(\`paramZ\`: string, \`paramG\`: any, \`paramA\`: Object): *number*
"
`;

exports[`Helpers type helper should compile intrinsic type 1`] = `"string"`;

exports[`Helpers typeAndParent helper should compile 1`] = `"[INameInterface](../interfaces/_classes_.inameinterface.md).[name](../interfaces/_classes_.inameinterface.md#name)"`;

exports[`Helpers utils helpers should compile stripLineBreaks helper: line 1  line2 1`] = `"line 1  line2 "`;
